Archive member included because of file (symbol)

C:\CSR_uEnergy_SDK-2.3.0.31\tools\lib\CSR101x_A05\libgatt_lib_ram.a(debug.o)
                              depend_Debug_CSR101x_A05\main.o (DebugWriteString)
C:\CSR_uEnergy_SDK-2.3.0.31\tools\lib\CSR101x_A05\libgatt_lib_ram.a(main_ram.o)
                              (main_ram_app_init)
C:\CSR_uEnergy_SDK-2.3.0.31\tools\lib\CSR101x_A05\libgatt_lib_ram.a(hw_patch_install.o)
                              C:\CSR_uEnergy_SDK-2.3.0.31\tools\lib\CSR101x_A05\libgatt_lib_ram.a(main_ram.o) (___libgatt_lib_db_4364)
C:\CSR_uEnergy_SDK-2.3.0.31\tools\lib\CSR101x_A05\libgatt_lib_ram.a(patch_baldrick.o)
                              (hw_patch)
C:\CSR_uEnergy_SDK-2.3.0.31\tools\lib\CSR101x_A05\libgatt_lib_ram.a(robs_pio_ram.o)
                              depend_Debug_CSR101x_A05\main.o (PioSetMode)
C:\CSR_uEnergy_SDK-2.3.0.31\tools\lib\CSR101x_A05\libgatt_lib_ram.a(id_ram.o)
                              C:\CSR_uEnergy_SDK-2.3.0.31\tools\lib\CSR101x_A05\libgatt_lib_ram.a(main_ram.o) (ram_build_identifier_integer)
C:\CSR_uEnergy_SDK-2.3.0.31\tools\lib\CSR101x_A05\libgatt_lib_ram.a(slut.o)
                              (slut)
C:\CSR_uEnergy_SDK-2.3.0.31\tools\lib\CSR101x_A05\libgatt_lib_ram.a(sw_patch_ram.o)
                              (patch_bitmap)
C:\CSR_uEnergy_SDK-2.3.0.31\tools\lib\CSR101x_A05\libgatt_lib_ram.a(CONFIG_STORE.o)
                              (___libgatt_lib_db_4269)
C:\CSR_uEnergy_SDK-2.3.0.31\tools\lib\CSR101x_A05\libgatt_lib_ram.a(.romradiodata.o)
                              (DATA_TIMERSTRUCT_START)
C:\CSR_uEnergy_SDK-2.3.0.31\tools\lib\CSR101x_A05\libgatt_lib_ram.a(patch_ls_l2cap_if.o)
                              C:\CSR_uEnergy_SDK-2.3.0.31\tools\lib\CSR101x_A05\libgatt_lib_ram.a(sw_patch_ram.o) (___libgatt_lib_db_4565)
C:\CSR_uEnergy_SDK-2.3.0.31\tools\lib\CSR101x_A05\libgatt_lib_ram.a(patch_att_install.o)
                              C:\CSR_uEnergy_SDK-2.3.0.31\tools\lib\CSR101x_A05\libgatt_lib_ram.a(sw_patch_ram.o) (___libgatt_lib_db_4567)
C:\CSR_uEnergy_SDK-2.3.0.31\tools\lib\CSR101x_A05\libgatt_lib_ram.a(patch_sm.o)
                              C:\CSR_uEnergy_SDK-2.3.0.31\tools\lib\CSR101x_A05\libgatt_lib_ram.a(sw_patch_ram.o) (___libgatt_lib_db_4579)
C:\CSR_uEnergy_SDK-2.3.0.31\tools\lib\CSR101x_A05\libgatt_lib_ram.a(patch_george.o)
                              C:\CSR_uEnergy_SDK-2.3.0.31\tools\lib\CSR101x_A05\libgatt_lib_ram.a(sw_patch_ram.o) (___libgatt_lib_db_4544)
C:\CSR_uEnergy_SDK-2.3.0.31\tools\lib\CSR101x_A05\libgatt_lib_ram.a(patch_george_ll.o)
                              C:\CSR_uEnergy_SDK-2.3.0.31\tools\lib\CSR101x_A05\libgatt_lib_ram.a(sw_patch_ram.o) (___libgatt_lib_db_4609)
C:\CSR_uEnergy_SDK-2.3.0.31\tools\lib\CSR101x_A05\libgatt_lib_ram.a(patch_george_adv.o)
                              C:\CSR_uEnergy_SDK-2.3.0.31\tools\lib\CSR101x_A05\libgatt_lib_ram.a(sw_patch_ram.o) (___libgatt_lib_db_4615)
C:\CSR_uEnergy_SDK-2.3.0.31\tools\lib\CSR101x_A05\libgatt_lib_ram.a(patch_dbase.o)
                              C:\CSR_uEnergy_SDK-2.3.0.31\tools\lib\CSR101x_A05\libgatt_lib_ram.a(patch_george.o) (___libgatt_lib_db_4619)
C:\CSR_uEnergy_SDK-2.3.0.31\tools\lib\CSR101x_A05\libgatt_lib_ram.a(hal_debugbus_state.o)
                              C:\CSR_uEnergy_SDK-2.3.0.31\tools\lib\CSR101x_A05\libgatt_lib_ram.a(patch_george_ll.o) (___libgatt_lib_db_4640)
C:\CSR_uEnergy_SDK-2.3.0.31\tools\lib\CSR101x_A05\libgatt_lib_ram.a(patch_halradiotrim.o)
                              C:\CSR_uEnergy_SDK-2.3.0.31\tools\lib\CSR101x_A05\libgatt_lib_ram.a(sw_patch_ram.o) (___libgatt_lib_db_4644)
C:\CSR_uEnergy_SDK-2.3.0.31\tools\lib\CSR101x_A05\libgatt_lib_ram.a(patch_halradio.o)
                              C:\CSR_uEnergy_SDK-2.3.0.31\tools\lib\CSR101x_A05\libgatt_lib_ram.a(sw_patch_ram.o) (___libgatt_lib_db_4652)
C:\CSR_uEnergy_SDK-2.3.0.31\tools\lib\CSR101x_A05\libgatt_lib_ram.a(patch_timer.o)
                              C:\CSR_uEnergy_SDK-2.3.0.31\tools\lib\CSR101x_A05\libgatt_lib_ram.a(sw_patch_ram.o) (___libgatt_lib_db_4654)
C:\CSR_uEnergy_SDK-2.3.0.31\tools\lib\CSR101x_A05\libgatt_lib_ram.a(patch_reset.o)
                              C:\CSR_uEnergy_SDK-2.3.0.31\tools\lib\CSR101x_A05\libgatt_lib_ram.a(sw_patch_ram.o) (___libgatt_lib_db_4207)
C:\CSR_uEnergy_SDK-2.3.0.31\tools\lib\CSR101x_A05\libgatt_lib_ram.a(patch_pools.o)
                              C:\CSR_uEnergy_SDK-2.3.0.31\tools\lib\CSR101x_A05\libgatt_lib_ram.a(sw_patch_ram.o) (___libgatt_lib_db_4657)
C:\CSR_uEnergy_SDK-2.3.0.31\tools\lib\CSR101x_A05\libgatt_lib_ram.a(patch_background_loop.o)
                              C:\CSR_uEnergy_SDK-2.3.0.31\tools\lib\CSR101x_A05\libgatt_lib_ram.a(sw_patch_ram.o) (___libgatt_lib_db_4660)
C:\CSR_uEnergy_SDK-2.3.0.31\tools\lib\CSR101x_A05\libgatt_lib_ram.a(patch_fault.o)
                              C:\CSR_uEnergy_SDK-2.3.0.31\tools\lib\CSR101x_A05\libgatt_lib_ram.a(sw_patch_ram.o) (___libgatt_lib_db_4662)
C:\CSR_uEnergy_SDK-2.3.0.31\tools\lib\CSR101x_A05\libgatt_lib_ram.a(patch_pmu.o)
                              C:\CSR_uEnergy_SDK-2.3.0.31\tools\lib\CSR101x_A05\libgatt_lib_ram.a(sw_patch_ram.o) (___libgatt_lib_db_4670)
C:\CSR_uEnergy_SDK-2.3.0.31\tools\lib\CSR101x_A05\libgatt_lib_ram.a(patch_thermometer.o)
                              C:\CSR_uEnergy_SDK-2.3.0.31\tools\lib\CSR101x_A05\libgatt_lib_ram.a(sw_patch_ram.o) (___libgatt_lib_db_4214)

Allocating common symbols
Common symbol       size              file

sm_long_term_key_ind
                    0x1               C:\CSR_uEnergy_SDK-2.3.0.31\tools\lib\CSR101x_A05\libgatt_lib_ram.a(patch_sm.o)
sm_pairing_auth_ind
                    0x1               C:\CSR_uEnergy_SDK-2.3.0.31\tools\lib\CSR101x_A05\libgatt_lib_ram.a(patch_sm.o)
enable_lowduty_directed_adv
                    0x1               C:\CSR_uEnergy_SDK-2.3.0.31\tools\lib\CSR101x_A05\libgatt_lib_ram.a(patch_george.o)
george_earliest_transmit_offset
                    0x3               C:\CSR_uEnergy_SDK-2.3.0.31\tools\lib\CSR101x_A05\libgatt_lib_ram.a(patch_george_ll.o)

Discarded input sections

 .text          0x00000000        0x0 depend_Debug_CSR101x_A05\main.o
 .data          0x00000000        0x0 depend_Debug_CSR101x_A05\main.o
 .bss           0x00000000        0x0 depend_Debug_CSR101x_A05\main.o
 .text          0x00000000        0x0 C:\CSR_uEnergy_SDK-2.3.0.31\tools\lib\CSR101x_A05\libgatt_lib_ram.a(debug.o)
 .data          0x00000000        0x0 C:\CSR_uEnergy_SDK-2.3.0.31\tools\lib\CSR101x_A05\libgatt_lib_ram.a(debug.o)
 .bss           0x00000000        0x0 C:\CSR_uEnergy_SDK-2.3.0.31\tools\lib\CSR101x_A05\libgatt_lib_ram.a(debug.o)
 .text.write_uint_n
                0x00000000        0x0 C:\CSR_uEnergy_SDK-2.3.0.31\tools\lib\CSR101x_A05\libgatt_lib_ram.a(debug.o)
 .text.DebugWriteTime48
                0x00000000        0x0 C:\CSR_uEnergy_SDK-2.3.0.31\tools\lib\CSR101x_A05\libgatt_lib_ram.a(debug.o)
 .text.DebugWriteUint32
                0x00000000        0x0 C:\CSR_uEnergy_SDK-2.3.0.31\tools\lib\CSR101x_A05\libgatt_lib_ram.a(debug.o)
 .text.DebugWriteUint16
                0x00000000        0x0 C:\CSR_uEnergy_SDK-2.3.0.31\tools\lib\CSR101x_A05\libgatt_lib_ram.a(debug.o)
 .text.DebugWriteUint8
                0x00000000        0x0 C:\CSR_uEnergy_SDK-2.3.0.31\tools\lib\CSR101x_A05\libgatt_lib_ram.a(debug.o)
 .text.DebugWriteChar
                0x00000000        0x0 C:\CSR_uEnergy_SDK-2.3.0.31\tools\lib\CSR101x_A05\libgatt_lib_ram.a(debug.o)
 .text          0x00000000        0x0 C:\CSR_uEnergy_SDK-2.3.0.31\tools\lib\CSR101x_A05\libgatt_lib_ram.a(main_ram.o)
 .data          0x00000000        0x0 C:\CSR_uEnergy_SDK-2.3.0.31\tools\lib\CSR101x_A05\libgatt_lib_ram.a(main_ram.o)
 .bss           0x00000000        0x0 C:\CSR_uEnergy_SDK-2.3.0.31\tools\lib\CSR101x_A05\libgatt_lib_ram.a(main_ram.o)
 .text          0x00000000        0x0 C:\CSR_uEnergy_SDK-2.3.0.31\tools\lib\CSR101x_A05\libgatt_lib_ram.a(hw_patch_install.o)
 .data          0x00000000        0x0 C:\CSR_uEnergy_SDK-2.3.0.31\tools\lib\CSR101x_A05\libgatt_lib_ram.a(hw_patch_install.o)
 .bss           0x00000000        0x0 C:\CSR_uEnergy_SDK-2.3.0.31\tools\lib\CSR101x_A05\libgatt_lib_ram.a(hw_patch_install.o)
 .text          0x00000000        0x0 C:\CSR_uEnergy_SDK-2.3.0.31\tools\lib\CSR101x_A05\libgatt_lib_ram.a(patch_baldrick.o)
 .data          0x00000000        0x0 C:\CSR_uEnergy_SDK-2.3.0.31\tools\lib\CSR101x_A05\libgatt_lib_ram.a(patch_baldrick.o)
 .bss           0x00000000        0x0 C:\CSR_uEnergy_SDK-2.3.0.31\tools\lib\CSR101x_A05\libgatt_lib_ram.a(patch_baldrick.o)
 .text          0x00000000        0x0 C:\CSR_uEnergy_SDK-2.3.0.31\tools\lib\CSR101x_A05\libgatt_lib_ram.a(robs_pio_ram.o)
 .data          0x00000000        0x0 C:\CSR_uEnergy_SDK-2.3.0.31\tools\lib\CSR101x_A05\libgatt_lib_ram.a(robs_pio_ram.o)
 .bss           0x00000000        0x0 C:\CSR_uEnergy_SDK-2.3.0.31\tools\lib\CSR101x_A05\libgatt_lib_ram.a(robs_pio_ram.o)
 .text.PioEnableQuadratureDecoder
                0x00000000        0x0 C:\CSR_uEnergy_SDK-2.3.0.31\tools\lib\CSR101x_A05\libgatt_lib_ram.a(robs_pio_ram.o)
 .text.PioEnableQuadratureDecoders
                0x00000000        0x0 C:\CSR_uEnergy_SDK-2.3.0.31\tools\lib\CSR101x_A05\libgatt_lib_ram.a(robs_pio_ram.o)
 .text.PioReadQuadratureDecoder
                0x00000000        0x0 C:\CSR_uEnergy_SDK-2.3.0.31\tools\lib\CSR101x_A05\libgatt_lib_ram.a(robs_pio_ram.o)
 .text          0x00000000        0x0 C:\CSR_uEnergy_SDK-2.3.0.31\tools\lib\CSR101x_A05\libgatt_lib_ram.a(id_ram.o)
 .data          0x00000000        0x0 C:\CSR_uEnergy_SDK-2.3.0.31\tools\lib\CSR101x_A05\libgatt_lib_ram.a(id_ram.o)
 .bss           0x00000000        0x0 C:\CSR_uEnergy_SDK-2.3.0.31\tools\lib\CSR101x_A05\libgatt_lib_ram.a(id_ram.o)
 .text          0x00000000        0x0 C:\CSR_uEnergy_SDK-2.3.0.31\tools\lib\CSR101x_A05\libgatt_lib_ram.a(slut.o)
 .data          0x00000000        0x0 C:\CSR_uEnergy_SDK-2.3.0.31\tools\lib\CSR101x_A05\libgatt_lib_ram.a(slut.o)
 .bss           0x00000000        0x0 C:\CSR_uEnergy_SDK-2.3.0.31\tools\lib\CSR101x_A05\libgatt_lib_ram.a(slut.o)
 .text          0x00000000        0x0 C:\CSR_uEnergy_SDK-2.3.0.31\tools\lib\CSR101x_A05\libgatt_lib_ram.a(sw_patch_ram.o)
 .data          0x00000000        0x0 C:\CSR_uEnergy_SDK-2.3.0.31\tools\lib\CSR101x_A05\libgatt_lib_ram.a(sw_patch_ram.o)
 .bss           0x00000000        0x0 C:\CSR_uEnergy_SDK-2.3.0.31\tools\lib\CSR101x_A05\libgatt_lib_ram.a(sw_patch_ram.o)
 .text          0x00000000        0x0 C:\CSR_uEnergy_SDK-2.3.0.31\tools\lib\CSR101x_A05\libgatt_lib_ram.a(patch_ls_l2cap_if.o)
 .data          0x00000000        0x0 C:\CSR_uEnergy_SDK-2.3.0.31\tools\lib\CSR101x_A05\libgatt_lib_ram.a(patch_ls_l2cap_if.o)
 .bss           0x00000000        0x0 C:\CSR_uEnergy_SDK-2.3.0.31\tools\lib\CSR101x_A05\libgatt_lib_ram.a(patch_ls_l2cap_if.o)
 .text          0x00000000        0x0 C:\CSR_uEnergy_SDK-2.3.0.31\tools\lib\CSR101x_A05\libgatt_lib_ram.a(patch_att_install.o)
 .data          0x00000000        0x0 C:\CSR_uEnergy_SDK-2.3.0.31\tools\lib\CSR101x_A05\libgatt_lib_ram.a(patch_att_install.o)
 .bss           0x00000000        0x0 C:\CSR_uEnergy_SDK-2.3.0.31\tools\lib\CSR101x_A05\libgatt_lib_ram.a(patch_att_install.o)
 .data          0x00000000        0x0 C:\CSR_uEnergy_SDK-2.3.0.31\tools\lib\CSR101x_A05\libgatt_lib_ram.a(patch_sm.o)
 .text          0x00000000        0x0 C:\CSR_uEnergy_SDK-2.3.0.31\tools\lib\CSR101x_A05\libgatt_lib_ram.a(patch_george.o)
 .data          0x00000000        0x0 C:\CSR_uEnergy_SDK-2.3.0.31\tools\lib\CSR101x_A05\libgatt_lib_ram.a(patch_george.o)
 .bss           0x00000000        0x0 C:\CSR_uEnergy_SDK-2.3.0.31\tools\lib\CSR101x_A05\libgatt_lib_ram.a(patch_george.o)
 .text.___libgatt_lib_db_4596
                0x00000000        0x0 C:\CSR_uEnergy_SDK-2.3.0.31\tools\lib\CSR101x_A05\libgatt_lib_ram.a(patch_george.o)
 .text.___libgatt_lib_db_4597
                0x00000000        0x0 C:\CSR_uEnergy_SDK-2.3.0.31\tools\lib\CSR101x_A05\libgatt_lib_ram.a(patch_george.o)
 .text.___libgatt_lib_db_4595
                0x00000000        0x0 C:\CSR_uEnergy_SDK-2.3.0.31\tools\lib\CSR101x_A05\libgatt_lib_ram.a(patch_george.o)
 .text          0x00000000        0x0 C:\CSR_uEnergy_SDK-2.3.0.31\tools\lib\CSR101x_A05\libgatt_lib_ram.a(patch_george_ll.o)
 .data          0x00000000        0x0 C:\CSR_uEnergy_SDK-2.3.0.31\tools\lib\CSR101x_A05\libgatt_lib_ram.a(patch_george_ll.o)
 .bss           0x00000000        0x0 C:\CSR_uEnergy_SDK-2.3.0.31\tools\lib\CSR101x_A05\libgatt_lib_ram.a(patch_george_ll.o)
 .text          0x00000000        0x0 C:\CSR_uEnergy_SDK-2.3.0.31\tools\lib\CSR101x_A05\libgatt_lib_ram.a(patch_george_adv.o)
 .data          0x00000000        0x0 C:\CSR_uEnergy_SDK-2.3.0.31\tools\lib\CSR101x_A05\libgatt_lib_ram.a(patch_george_adv.o)
 .bss           0x00000000        0x0 C:\CSR_uEnergy_SDK-2.3.0.31\tools\lib\CSR101x_A05\libgatt_lib_ram.a(patch_george_adv.o)
 .text          0x00000000        0x0 C:\CSR_uEnergy_SDK-2.3.0.31\tools\lib\CSR101x_A05\libgatt_lib_ram.a(patch_dbase.o)
 .data          0x00000000        0x0 C:\CSR_uEnergy_SDK-2.3.0.31\tools\lib\CSR101x_A05\libgatt_lib_ram.a(patch_dbase.o)
 .bss           0x00000000        0x0 C:\CSR_uEnergy_SDK-2.3.0.31\tools\lib\CSR101x_A05\libgatt_lib_ram.a(patch_dbase.o)
 .text.dbase_safe_access_check_curr
                0x00000000        0x0 C:\CSR_uEnergy_SDK-2.3.0.31\tools\lib\CSR101x_A05\libgatt_lib_ram.a(patch_dbase.o)
 .text.___libgatt_lib_db_4627
                0x00000000        0x0 C:\CSR_uEnergy_SDK-2.3.0.31\tools\lib\CSR101x_A05\libgatt_lib_ram.a(patch_dbase.o)
 .text.___libgatt_lib_db_4623
                0x00000000        0x0 C:\CSR_uEnergy_SDK-2.3.0.31\tools\lib\CSR101x_A05\libgatt_lib_ram.a(patch_dbase.o)
 .text.___libgatt_lib_db_4628
                0x00000000        0x0 C:\CSR_uEnergy_SDK-2.3.0.31\tools\lib\CSR101x_A05\libgatt_lib_ram.a(patch_dbase.o)
 .text.___libgatt_lib_db_4624
                0x00000000        0x0 C:\CSR_uEnergy_SDK-2.3.0.31\tools\lib\CSR101x_A05\libgatt_lib_ram.a(patch_dbase.o)
 .text.___libgatt_lib_db_4626
                0x00000000        0x0 C:\CSR_uEnergy_SDK-2.3.0.31\tools\lib\CSR101x_A05\libgatt_lib_ram.a(patch_dbase.o)
 .text.___libgatt_lib_db_4622
                0x00000000        0x0 C:\CSR_uEnergy_SDK-2.3.0.31\tools\lib\CSR101x_A05\libgatt_lib_ram.a(patch_dbase.o)
 .text.___libgatt_lib_db_4625
                0x00000000        0x0 C:\CSR_uEnergy_SDK-2.3.0.31\tools\lib\CSR101x_A05\libgatt_lib_ram.a(patch_dbase.o)
 .text.___libgatt_lib_db_4621
                0x00000000        0x0 C:\CSR_uEnergy_SDK-2.3.0.31\tools\lib\CSR101x_A05\libgatt_lib_ram.a(patch_dbase.o)
 .text          0x00000000        0x0 C:\CSR_uEnergy_SDK-2.3.0.31\tools\lib\CSR101x_A05\libgatt_lib_ram.a(hal_debugbus_state.o)
 .data          0x00000000        0x0 C:\CSR_uEnergy_SDK-2.3.0.31\tools\lib\CSR101x_A05\libgatt_lib_ram.a(hal_debugbus_state.o)
 .bss           0x00000000        0x0 C:\CSR_uEnergy_SDK-2.3.0.31\tools\lib\CSR101x_A05\libgatt_lib_ram.a(hal_debugbus_state.o)
 .text          0x00000000        0x0 C:\CSR_uEnergy_SDK-2.3.0.31\tools\lib\CSR101x_A05\libgatt_lib_ram.a(patch_halradiotrim.o)
 .data          0x00000000        0x0 C:\CSR_uEnergy_SDK-2.3.0.31\tools\lib\CSR101x_A05\libgatt_lib_ram.a(patch_halradiotrim.o)
 .bss           0x00000000        0x0 C:\CSR_uEnergy_SDK-2.3.0.31\tools\lib\CSR101x_A05\libgatt_lib_ram.a(patch_halradiotrim.o)
 .text.___libgatt_lib_db_4645
                0x00000000        0x0 C:\CSR_uEnergy_SDK-2.3.0.31\tools\lib\CSR101x_A05\libgatt_lib_ram.a(patch_halradiotrim.o)
 .text.___libgatt_lib_db_4016
                0x00000000        0x0 C:\CSR_uEnergy_SDK-2.3.0.31\tools\lib\CSR101x_A05\libgatt_lib_ram.a(patch_halradiotrim.o)
 .text.___libgatt_lib_db_4643
                0x00000000        0x0 C:\CSR_uEnergy_SDK-2.3.0.31\tools\lib\CSR101x_A05\libgatt_lib_ram.a(patch_halradiotrim.o)
 .text          0x00000000        0x0 C:\CSR_uEnergy_SDK-2.3.0.31\tools\lib\CSR101x_A05\libgatt_lib_ram.a(patch_halradio.o)
 .data          0x00000000        0x0 C:\CSR_uEnergy_SDK-2.3.0.31\tools\lib\CSR101x_A05\libgatt_lib_ram.a(patch_halradio.o)
 .bss           0x00000000        0x0 C:\CSR_uEnergy_SDK-2.3.0.31\tools\lib\CSR101x_A05\libgatt_lib_ram.a(patch_halradio.o)
 .text          0x00000000        0x0 C:\CSR_uEnergy_SDK-2.3.0.31\tools\lib\CSR101x_A05\libgatt_lib_ram.a(patch_timer.o)
 .data          0x00000000        0x0 C:\CSR_uEnergy_SDK-2.3.0.31\tools\lib\CSR101x_A05\libgatt_lib_ram.a(patch_timer.o)
 .bss           0x00000000        0x0 C:\CSR_uEnergy_SDK-2.3.0.31\tools\lib\CSR101x_A05\libgatt_lib_ram.a(patch_timer.o)
 .text          0x00000000        0x0 C:\CSR_uEnergy_SDK-2.3.0.31\tools\lib\CSR101x_A05\libgatt_lib_ram.a(patch_reset.o)
 .data          0x00000000        0x0 C:\CSR_uEnergy_SDK-2.3.0.31\tools\lib\CSR101x_A05\libgatt_lib_ram.a(patch_reset.o)
 .bss           0x00000000        0x0 C:\CSR_uEnergy_SDK-2.3.0.31\tools\lib\CSR101x_A05\libgatt_lib_ram.a(patch_reset.o)
 .text          0x00000000        0x0 C:\CSR_uEnergy_SDK-2.3.0.31\tools\lib\CSR101x_A05\libgatt_lib_ram.a(patch_pools.o)
 .data          0x00000000        0x0 C:\CSR_uEnergy_SDK-2.3.0.31\tools\lib\CSR101x_A05\libgatt_lib_ram.a(patch_pools.o)
 .bss           0x00000000        0x0 C:\CSR_uEnergy_SDK-2.3.0.31\tools\lib\CSR101x_A05\libgatt_lib_ram.a(patch_pools.o)
 .text          0x00000000        0x0 C:\CSR_uEnergy_SDK-2.3.0.31\tools\lib\CSR101x_A05\libgatt_lib_ram.a(patch_background_loop.o)
 .data          0x00000000        0x0 C:\CSR_uEnergy_SDK-2.3.0.31\tools\lib\CSR101x_A05\libgatt_lib_ram.a(patch_background_loop.o)
 .bss           0x00000000        0x0 C:\CSR_uEnergy_SDK-2.3.0.31\tools\lib\CSR101x_A05\libgatt_lib_ram.a(patch_background_loop.o)
 .text          0x00000000        0x0 C:\CSR_uEnergy_SDK-2.3.0.31\tools\lib\CSR101x_A05\libgatt_lib_ram.a(patch_fault.o)
 .data          0x00000000        0x0 C:\CSR_uEnergy_SDK-2.3.0.31\tools\lib\CSR101x_A05\libgatt_lib_ram.a(patch_fault.o)
 .bss           0x00000000        0x0 C:\CSR_uEnergy_SDK-2.3.0.31\tools\lib\CSR101x_A05\libgatt_lib_ram.a(patch_fault.o)
 .text.PanicReadFwFault
                0x00000000        0x0 C:\CSR_uEnergy_SDK-2.3.0.31\tools\lib\CSR101x_A05\libgatt_lib_ram.a(patch_fault.o)
 .text.PanicClearFwFault
                0x00000000        0x0 C:\CSR_uEnergy_SDK-2.3.0.31\tools\lib\CSR101x_A05\libgatt_lib_ram.a(patch_fault.o)
 .bss.__PATCH__ZERO_
                0x00000000        0x0 C:\CSR_uEnergy_SDK-2.3.0.31\tools\lib\CSR101x_A05\libgatt_lib_ram.a(patch_fault.o)
 .text          0x00000000        0x0 C:\CSR_uEnergy_SDK-2.3.0.31\tools\lib\CSR101x_A05\libgatt_lib_ram.a(patch_pmu.o)
 .data          0x00000000        0x0 C:\CSR_uEnergy_SDK-2.3.0.31\tools\lib\CSR101x_A05\libgatt_lib_ram.a(patch_pmu.o)
 .bss           0x00000000        0x0 C:\CSR_uEnergy_SDK-2.3.0.31\tools\lib\CSR101x_A05\libgatt_lib_ram.a(patch_pmu.o)
 .text          0x00000000        0x0 C:\CSR_uEnergy_SDK-2.3.0.31\tools\lib\CSR101x_A05\libgatt_lib_ram.a(patch_thermometer.o)
 .data          0x00000000        0x0 C:\CSR_uEnergy_SDK-2.3.0.31\tools\lib\CSR101x_A05\libgatt_lib_ram.a(patch_thermometer.o)
 .bss           0x00000000        0x0 C:\CSR_uEnergy_SDK-2.3.0.31\tools\lib\CSR101x_A05\libgatt_lib_ram.a(patch_thermometer.o)

Memory Configuration

Name             Origin             Length             Attributes
*default*        0x00000000         0xffffffff

Linker script and memory map

LOAD depend_Debug_CSR101x_A05\main.o
LOAD C:\CSR_uEnergy_SDK-2.3.0.31\tools\lib\CSR101x_A05\libgatt_lib_ram.a
LOAD C:\CSR_uEnergy_SDK-2.3.0.31\tools\lib\CSR101x_A05\rom_img.elf
                0x00000000                PROG_RAM_START = 0x0
                0x00008000                PROG_RAM_SIZE = 0x8000
                0x00008000                PROG_ROM_START = 0x8000
                0x00008000                PROG_ROM_SIZE = 0x8000
                0x00002000                DATA_RAM_START = 0x2000
                0x00008000                DATA_RAM_SIZE = 0x8000
                0x000001b0                RADIOBUFS_SIZE = 0x1b0
                0x00000020                WHITELIST_SIZE = 0x20
                0x00000164                RADIODATA_SIZE = 0x164
                0x00000200                USTACK_SIZE = 0x200
                0x00000100                ISTACK_SIZE = 0x100
                0x00009f84                DATA_CSTORE_START = 0x9f84
                0x00000058                CSTORE_SIZE = 0x58
                0x00000004                SLT_SIZE = 0x4
                0x00000020                PRESERVE_SIZE = 0x20
                0x0000a000                DATA_RAM_END = 0xa000
                0x0000a000                DATA_ROM_START = 0xa000
                0x00004000                DATA_ROM_SIZE = 0x4000
                0x0000ef80                DATA_PERSIST_START = 0xef80
                0x00000080                DATA_PERSIST_SIZE = 0x80
                0x00009360                DATA_ROMDATA_START = 0x9360
                0x00000000                PROG_APPCODE_START = 0x0
                0x00006c00                PROG_APPCODE_END = 0x6c00
                0x00008c40                DATA_APPDATA_START = 0x8c40
                0x00008f00                DATA_APPDATA_END = 0x8f00
                0x80000000                $CODE$ = 0x80000000
                0x00000000                $DATA$ = 0x0
                0x0000ffe0                PROVIDE ($XAP_AH, 0xffe0)
                0x0000ffe1                PROVIDE ($XAP_AL, 0xffe1)
                0x0000ffe2                PROVIDE ($XAP_UXH, 0xffe2)
                0x0000ffe3                PROVIDE ($XAP_UXL, 0xffe3)
                0x0000ffe4                PROVIDE ($XAP_UY, 0xffe4)
                0x0000ffe5                PROVIDE ($XAP_IXH, 0xffe5)
                0x0000ffe6                PROVIDE ($XAP_IXL, 0xffe6)
                0x0000ffe7                PROVIDE ($XAP_IY, 0xffe7)
                0x00000008                . = 0x8

.app_ram_init   0x00000008        0x1
 *(RAM_APP_INIT)
 RAM_APP_INIT   0x00000008        0x1 C:\CSR_uEnergy_SDK-2.3.0.31\tools\lib\CSR101x_A05\libgatt_lib_ram.a(main_ram.o)
                0x00000008                main_ram_app_init

.fw_patch_bitmap
                0x00000009        0x6
 *(FW_PATCH_BITMAP)
 FW_PATCH_BITMAP
                0x00000009        0x6 C:\CSR_uEnergy_SDK-2.3.0.31\tools\lib\CSR101x_A05\libgatt_lib_ram.a(sw_patch_ram.o)
                0x00000009                patch_bitmap

.fw_patch_table
                0x0000000f        0x1
 *(FW_PATCH_TABLE)
 FW_PATCH_TABLE
                0x0000000f        0x1 C:\CSR_uEnergy_SDK-2.3.0.31\tools\lib\CSR101x_A05\libgatt_lib_ram.a(sw_patch_ram.o)
                0x0000000f                patch_table
                0x00000010                PROG_APPCODE_START = .

.text           0x00000010      0xd33 load address 0x80000010
 *xap2crt0.o(.text)
 *xap2crt0.o(.text.*)
                0x00000010                PROG_PATCH_ADDRESS = .
 *(.hw_patch)
 .hw_patch      0x00000010      0x158 C:\CSR_uEnergy_SDK-2.3.0.31\tools\lib\CSR101x_A05\libgatt_lib_ram.a(patch_baldrick.o)
                0x00000010                hw_patch
 *(.text)
 .text          0x00000168      0x187 C:\CSR_uEnergy_SDK-2.3.0.31\tools\lib\CSR101x_A05\libgatt_lib_ram.a(patch_sm.o)
                0x0000024c                ___libgatt_lib_db_4591
                0x0000019d                ___libgatt_lib_db_4582
                0x00000168                ___libgatt_lib_db_4579
                0x000002a0                ___libgatt_lib_db_4581
                0x000001d0                ___libgatt_lib_db_4583
                0x00000223                ___libgatt_lib_db_4580
                0x0000022d                ___libgatt_lib_db_4578
 *(.text.*)
 .text.uartRxDataCallback
                0x000002ef        0x8 depend_Debug_CSR101x_A05\main.o
 .text.setPwmDutyCycle
                0x000002f7       0x1b depend_Debug_CSR101x_A05\main.o
 .text.dutyCycleTask
                0x00000312       0x28 depend_Debug_CSR101x_A05\main.o
 .text.AppPowerOnReset
                0x0000033a        0x1 depend_Debug_CSR101x_A05\main.o
                0x0000033a                AppPowerOnReset
 .text.AppInit  0x0000033b       0x78 depend_Debug_CSR101x_A05\main.o
                0x0000033b                AppInit
 .text.AppProcessSystemEvent
                0x000003b3        0x4 depend_Debug_CSR101x_A05\main.o
                0x000003b3                AppProcessSystemEvent
 .text.AppProcessLmEvent
                0x000003b7        0x5 depend_Debug_CSR101x_A05\main.o
                0x000003b7                AppProcessLmEvent
 .text.DebugWriteString
                0x000003bc        0xb C:\CSR_uEnergy_SDK-2.3.0.31\tools\lib\CSR101x_A05\libgatt_lib_ram.a(debug.o)
                0x000003bc                DebugWriteString
 .text.DebugInit
                0x000003c7       0x21 C:\CSR_uEnergy_SDK-2.3.0.31\tools\lib\CSR101x_A05\libgatt_lib_ram.a(debug.o)
                0x000003c7                DebugInit
 .text.ram_app_init
                0x000003e8       0x33 C:\CSR_uEnergy_SDK-2.3.0.31\tools\lib\CSR101x_A05\libgatt_lib_ram.a(main_ram.o)
                0x000003e8                ram_app_init
 .text.___libgatt_lib_db_4364
                0x0000041b        0x8 C:\CSR_uEnergy_SDK-2.3.0.31\tools\lib\CSR101x_A05\libgatt_lib_ram.a(hw_patch_install.o)
                0x0000041b                ___libgatt_lib_db_4364
 .text.PioSetMode
                0x00000423        0xb C:\CSR_uEnergy_SDK-2.3.0.31\tools\lib\CSR101x_A05\libgatt_lib_ram.a(robs_pio_ram.o)
                0x00000423                PioSetMode
 .text.IdGetLlVerBtle
                0x0000042e        0x2 C:\CSR_uEnergy_SDK-2.3.0.31\tools\lib\CSR101x_A05\libgatt_lib_ram.a(id_ram.o)
                0x0000042e                IdGetLlVerBtle
 .text.___libgatt_lib_db_4565
                0x00000430        0xa C:\CSR_uEnergy_SDK-2.3.0.31\tools\lib\CSR101x_A05\libgatt_lib_ram.a(patch_ls_l2cap_if.o)
                0x00000430                ___libgatt_lib_db_4565
 .text.___libgatt_lib_db_4567
                0x0000043a        0xe C:\CSR_uEnergy_SDK-2.3.0.31\tools\lib\CSR101x_A05\libgatt_lib_ram.a(patch_att_install.o)
                0x0000043a                ___libgatt_lib_db_4567
 .text.patch_att_handle_execute_write_req
                0x00000448       0xff C:\CSR_uEnergy_SDK-2.3.0.31\tools\lib\CSR101x_A05\libgatt_lib_ram.a(patch_att_install.o)
 .text.patch_att_handle_read_multi_req
                0x00000547       0xbc C:\CSR_uEnergy_SDK-2.3.0.31\tools\lib\CSR101x_A05\libgatt_lib_ram.a(patch_att_install.o)
 .text.___libgatt_lib_db_4544
                0x00000603       0x18 C:\CSR_uEnergy_SDK-2.3.0.31\tools\lib\CSR101x_A05\libgatt_lib_ram.a(patch_george.o)
                0x00000603                ___libgatt_lib_db_4544
 .text.ram_le_connection_timeout_A05
                0x0000061b       0x34 C:\CSR_uEnergy_SDK-2.3.0.31\tools\lib\CSR101x_A05\libgatt_lib_ram.a(patch_george.o)
 .text.___libgatt_lib_db_4594
                0x0000064f        0x8 C:\CSR_uEnergy_SDK-2.3.0.31\tools\lib\CSR101x_A05\libgatt_lib_ram.a(patch_george.o)
                0x0000064f                ___libgatt_lib_db_4594
 .text.___libgatt_lib_db_4599
                0x00000657       0x1b C:\CSR_uEnergy_SDK-2.3.0.31\tools\lib\CSR101x_A05\libgatt_lib_ram.a(patch_george.o)
                0x00000657                ___libgatt_lib_db_4599
 .text.___libgatt_lib_db_4600
                0x00000672        0xc C:\CSR_uEnergy_SDK-2.3.0.31\tools\lib\CSR101x_A05\libgatt_lib_ram.a(patch_george.o)
                0x00000672                ___libgatt_lib_db_4600
 .text.___libgatt_lib_db_4598
                0x0000067e       0xde C:\CSR_uEnergy_SDK-2.3.0.31\tools\lib\CSR101x_A05\libgatt_lib_ram.a(patch_george.o)
                0x0000067e                ___libgatt_lib_db_4598
 .text.rx_timing_report
                0x0000075c       0xb6 C:\CSR_uEnergy_SDK-2.3.0.31\tools\lib\CSR101x_A05\libgatt_lib_ram.a(patch_george.o)
 .text.ram_le_handle_event
                0x00000812      0x12c C:\CSR_uEnergy_SDK-2.3.0.31\tools\lib\CSR101x_A05\libgatt_lib_ram.a(patch_george.o)
 .text.___libgatt_lib_db_4550
                0x0000093e       0x1c C:\CSR_uEnergy_SDK-2.3.0.31\tools\lib\CSR101x_A05\libgatt_lib_ram.a(patch_george.o)
                0x0000093e                ___libgatt_lib_db_4550
 .text.___libgatt_lib_db_4549
                0x0000095a       0x1c C:\CSR_uEnergy_SDK-2.3.0.31\tools\lib\CSR101x_A05\libgatt_lib_ram.a(patch_george.o)
                0x0000095a                ___libgatt_lib_db_4549
 .text.___libgatt_lib_db_4609
                0x00000976        0xc C:\CSR_uEnergy_SDK-2.3.0.31\tools\lib\CSR101x_A05\libgatt_lib_ram.a(patch_george_ll.o)
                0x00000976                ___libgatt_lib_db_4609
 .text.___libgatt_lib_db_4608
                0x00000982       0x11 C:\CSR_uEnergy_SDK-2.3.0.31\tools\lib\CSR101x_A05\libgatt_lib_ram.a(patch_george_ll.o)
                0x00000982                ___libgatt_lib_db_4608
 .text.___libgatt_lib_db_4610
                0x00000993      0x127 C:\CSR_uEnergy_SDK-2.3.0.31\tools\lib\CSR101x_A05\libgatt_lib_ram.a(patch_george_ll.o)
                0x00000993                ___libgatt_lib_db_4610
 .text.___libgatt_lib_db_4615
                0x00000aba       0x5b C:\CSR_uEnergy_SDK-2.3.0.31\tools\lib\CSR101x_A05\libgatt_lib_ram.a(patch_george_adv.o)
                0x00000aba                ___libgatt_lib_db_4615
 .text.___libgatt_lib_db_4616
                0x00000b15       0x1b C:\CSR_uEnergy_SDK-2.3.0.31\tools\lib\CSR101x_A05\libgatt_lib_ram.a(patch_george_adv.o)
                0x00000b15                ___libgatt_lib_db_4616
 .text.___libgatt_lib_db_4619
                0x00000b30       0x16 C:\CSR_uEnergy_SDK-2.3.0.31\tools\lib\CSR101x_A05\libgatt_lib_ram.a(patch_dbase.o)
                0x00000b30                ___libgatt_lib_db_4619
 .text.___libgatt_lib_db_4620
                0x00000b46        0x7 C:\CSR_uEnergy_SDK-2.3.0.31\tools\lib\CSR101x_A05\libgatt_lib_ram.a(patch_dbase.o)
                0x00000b46                ___libgatt_lib_db_4620
 .text.___libgatt_lib_db_4640
                0x00000b4d        0xc C:\CSR_uEnergy_SDK-2.3.0.31\tools\lib\CSR101x_A05\libgatt_lib_ram.a(hal_debugbus_state.o)
                0x00000b4d                ___libgatt_lib_db_4640
 .text.___libgatt_lib_db_4639
                0x00000b59        0xc C:\CSR_uEnergy_SDK-2.3.0.31\tools\lib\CSR101x_A05\libgatt_lib_ram.a(hal_debugbus_state.o)
                0x00000b59                ___libgatt_lib_db_4639
 .text.RAM_set_tx_power_parameters
                0x00000b65       0x57 C:\CSR_uEnergy_SDK-2.3.0.31\tools\lib\CSR101x_A05\libgatt_lib_ram.a(patch_halradiotrim.o)
 .text.___libgatt_lib_db_4646
                0x00000bbc        0xb C:\CSR_uEnergy_SDK-2.3.0.31\tools\lib\CSR101x_A05\libgatt_lib_ram.a(patch_halradiotrim.o)
                0x00000bbc                ___libgatt_lib_db_4646
 .text.___libgatt_lib_db_4644
                0x00000bc7        0xa C:\CSR_uEnergy_SDK-2.3.0.31\tools\lib\CSR101x_A05\libgatt_lib_ram.a(patch_halradiotrim.o)
                0x00000bc7                ___libgatt_lib_db_4644
 .text.___libgatt_lib_db_4652
                0x00000bd1       0x4f C:\CSR_uEnergy_SDK-2.3.0.31\tools\lib\CSR101x_A05\libgatt_lib_ram.a(patch_halradio.o)
                0x00000bd1                ___libgatt_lib_db_4652
 .text.___libgatt_lib_db_4654
                0x00000c20       0x24 C:\CSR_uEnergy_SDK-2.3.0.31\tools\lib\CSR101x_A05\libgatt_lib_ram.a(patch_timer.o)
                0x00000c20                ___libgatt_lib_db_4654
 .text.___libgatt_lib_db_4207
                0x00000c44        0xd C:\CSR_uEnergy_SDK-2.3.0.31\tools\lib\CSR101x_A05\libgatt_lib_ram.a(patch_reset.o)
                0x00000c44                ___libgatt_lib_db_4207
 .text.___libgatt_lib_db_4657
                0x00000c51        0x5 C:\CSR_uEnergy_SDK-2.3.0.31\tools\lib\CSR101x_A05\libgatt_lib_ram.a(patch_pools.o)
                0x00000c51                ___libgatt_lib_db_4657
 .text.___libgatt_lib_db_4660
                0x00000c56        0xf C:\CSR_uEnergy_SDK-2.3.0.31\tools\lib\CSR101x_A05\libgatt_lib_ram.a(patch_background_loop.o)
                0x00000c56                ___libgatt_lib_db_4660
 .text.___libgatt_lib_db_4662
                0x00000c65        0x5 C:\CSR_uEnergy_SDK-2.3.0.31\tools\lib\CSR101x_A05\libgatt_lib_ram.a(patch_fault.o)
                0x00000c65                ___libgatt_lib_db_4662
 .text.___libgatt_lib_db_4670
                0x00000c6a       0x2e C:\CSR_uEnergy_SDK-2.3.0.31\tools\lib\CSR101x_A05\libgatt_lib_ram.a(patch_pmu.o)
                0x00000c6a                ___libgatt_lib_db_4670
 .text.___libgatt_lib_db_4214
                0x00000c98       0xab C:\CSR_uEnergy_SDK-2.3.0.31\tools\lib\CSR101x_A05\libgatt_lib_ram.a(patch_thermometer.o)
                0x00000c98                ___libgatt_lib_db_4214
 *(.apptext)
 *(.apptext.*)
 *xap2crte.o(.text)
 *xap2crte.o(.text.*)
                0x00000d43                PROG_APPCODE_END = .
                0x00002d43                DATA_CONST_START = (DATA_RAM_START + .)
                0x00002d43                . = DATA_CONST_START

.const
 *(CONST)
 *(CONST.*)
                0x00002d43                DATA_CONST_END = .
                0x00002d43                DATA_RODATA_START = .
                0x00002d44                . = (. + 0x1)

.rodata         0x00002d44       0xc9
 *(.rodata)
 .rodata        0x00002d44       0x81 depend_Debug_CSR101x_A05\main.o
 *(.rodata.*)
 .rodata.ram_build_identifier_integer
                0x00002dc5        0x1 C:\CSR_uEnergy_SDK-2.3.0.31\tools\lib\CSR101x_A05\libgatt_lib_ram.a(id_ram.o)
                0x00002dc5                ram_build_identifier_integer
 .rodata.ram_build_identifier_string
                0x00002dc6       0x16 C:\CSR_uEnergy_SDK-2.3.0.31\tools\lib\CSR101x_A05\libgatt_lib_ram.a(id_ram.o)
                0x00002dc6                ram_build_identifier_string
 .rodata.slut_extended
                0x00002ddc        0x9 C:\CSR_uEnergy_SDK-2.3.0.31\tools\lib\CSR101x_A05\libgatt_lib_ram.a(slut.o)
                0x00002ddc                ___libgatt_lib_db_4678
 .rodata.tx_power_table
                0x00002de5       0x28 C:\CSR_uEnergy_SDK-2.3.0.31\tools\lib\CSR101x_A05\libgatt_lib_ram.a(patch_halradiotrim.o)
                0x00002de5                ___libgatt_lib_db_4651
                0x00002e0d                DATA_RODATA_END = .

.bss            0x00002e0e       0x98
                0x00002e0e                DATA_BSS_APP_START = .
 *(.bss)
 .bss           0x00002e0e        0x2 C:\CSR_uEnergy_SDK-2.3.0.31\tools\lib\CSR101x_A05\libgatt_lib_ram.a(patch_sm.o)
 *(.bss.*)
 .bss.on_ticks.2246.
                0x00002e10        0x1 depend_Debug_CSR101x_A05\main.o
 .bss.app_timers
                0x00002e11        0x6 depend_Debug_CSR101x_A05\main.o
 *fill*         0x00002e17        0x2 00
 .bss.uart_rx_buffer
                0x00002e18       0x40 C:\CSR_uEnergy_SDK-2.3.0.31\tools\lib\CSR101x_A05\libgatt_lib_ram.a(debug.o)
 .bss.uart_tx_buffer
                0x00002e58       0x40 C:\CSR_uEnergy_SDK-2.3.0.31\tools\lib\CSR101x_A05\libgatt_lib_ram.a(debug.o)
 .bss.patch_pending
                0x00002e98        0x1 C:\CSR_uEnergy_SDK-2.3.0.31\tools\lib\CSR101x_A05\libgatt_lib_ram.a(patch_george.o)
                0x00002e98                patch_pending
 .bss.patch_rx_timing_report
                0x00002e99        0x1 C:\CSR_uEnergy_SDK-2.3.0.31\tools\lib\CSR101x_A05\libgatt_lib_ram.a(patch_george.o)
                0x00002e99                patch_rx_timing_report
 .bss.patch_pending_mode
                0x00002e9a        0x1 C:\CSR_uEnergy_SDK-2.3.0.31\tools\lib\CSR101x_A05\libgatt_lib_ram.a(patch_george.o)
                0x00002e9a                patch_pending_mode
 .bss.patch_conn_chm_update
                0x00002e9b        0x1 C:\CSR_uEnergy_SDK-2.3.0.31\tools\lib\CSR101x_A05\libgatt_lib_ram.a(patch_george.o)
                0x00002e9b                patch_conn_chm_update
 .bss.__PATCH__ZERO_
                0x00002e9c        0x1 C:\CSR_uEnergy_SDK-2.3.0.31\tools\lib\CSR101x_A05\libgatt_lib_ram.a(patch_george.o)
 .bss.tx_power_table_entry
                0x00002e9d        0x1 C:\CSR_uEnergy_SDK-2.3.0.31\tools\lib\CSR101x_A05\libgatt_lib_ram.a(patch_halradiotrim.o)
 .bss.__PATCH__ZERO_
                0x00002e9e        0x1 C:\CSR_uEnergy_SDK-2.3.0.31\tools\lib\CSR101x_A05\libgatt_lib_ram.a(patch_timer.o)
 .bss.__PATCH__ZERO_
                0x00002e9f        0x1 C:\CSR_uEnergy_SDK-2.3.0.31\tools\lib\CSR101x_A05\libgatt_lib_ram.a(patch_thermometer.o)
 COMMON         0x00002ea0        0x2 C:\CSR_uEnergy_SDK-2.3.0.31\tools\lib\CSR101x_A05\libgatt_lib_ram.a(patch_sm.o)
                0x00002ea0                sm_long_term_key_ind
                0x00002ea1                sm_pairing_auth_ind
 COMMON         0x00002ea2        0x1 C:\CSR_uEnergy_SDK-2.3.0.31\tools\lib\CSR101x_A05\libgatt_lib_ram.a(patch_george.o)
                0x00002ea2                enable_lowduty_directed_adv
 COMMON         0x00002ea3        0x3 C:\CSR_uEnergy_SDK-2.3.0.31\tools\lib\CSR101x_A05\libgatt_lib_ram.a(patch_george_ll.o)
                0x00002ea3                george_earliest_transmit_offset
                0x00002ea6                DATA_BSS_APP_END = .
                0x00000098                BSS_APP_SIZE = (DATA_BSS_APP_END - DATA_BSS_APP_START)

.data           0x00002ea6       0x33
                0x00002ea6                DATA_DATA_START = .
 *(.data)
 *(.data.*)
 .data.increment_value.2247.
                0x00002ea6        0x1 depend_Debug_CSR101x_A05\main.o
 .data.patch_table_data
                0x00002ea7       0x30 C:\CSR_uEnergy_SDK-2.3.0.31\tools\lib\CSR101x_A05\libgatt_lib_ram.a(sw_patch_ram.o)
                0x00002ea7                ___libgatt_lib_db_4542
 .data.pending_pdu_acks
                0x00002ed7        0x1 C:\CSR_uEnergy_SDK-2.3.0.31\tools\lib\CSR101x_A05\libgatt_lib_ram.a(patch_george_ll.o)
                0x00002ed7                ___libgatt_lib_db_4611
 .data.tgap_con_param_update
                0x00002ed8        0x1 C:\CSR_uEnergy_SDK-2.3.0.31\tools\lib\CSR101x_A05\libgatt_lib_ram.a(patch_timer.o)
                0x00002ed8                ___libgatt_lib_db_4656
                0x00002ed9                DATA_DATA_END = .
                0x0000ef80                . = DATA_PERSIST_START

PERSIST_MEM
 *(PERSIST_MEM)
 *(PERSIST_MEM.*)
                0x0000ef80                DATA_PERSIST_MEM_END = .
                0x00009f84                . = DATA_CSTORE_START

CONFIG_STORE    0x00009f84       0x40
 *(CONFIG_STORE)
 CONFIG_STORE   0x00009f84       0x40 C:\CSR_uEnergy_SDK-2.3.0.31\tools\lib\CSR101x_A05\libgatt_lib_ram.a(CONFIG_STORE.o)
                0x00009f84                ___libgatt_lib_db_4269
 *(CONFIG_STORE.*)
                0x00009fc4                DATA_CSTORE_END = .
                0x00000040                CS_SIZE = (DATA_CSTORE_END - DATA_CSTORE_START)
                0x00009fdc                . = ((DATA_RAM_END - PRESERVE_SIZE) - SLT_SIZE)

SLT             0x00009fdc        0x4
                0x00009fdc                SLT_START = .
 *(SLT)
 SLT            0x00009fdc        0x4 C:\CSR_uEnergy_SDK-2.3.0.31\tools\lib\CSR101x_A05\libgatt_lib_ram.a(slut.o)
                0x00009fdc                slut
 *(SLT.*)

.preserved      0x00009fe0        0x0
                0x00009fe0                PRESERVED_START = .
 *(PRES_DATA)
 *(PRES_DATA.*)
                0x00009f84                STACK_END = DATA_CSTORE_START
                0x00009c84                . = ((STACK_END - ISTACK_SIZE) - USTACK_SIZE)

.stack          0x00009c84      0x300
                0x00009c84                STACK_START = .
                0x00009c84                USTACK_START = .
                0x00009e84                USTACK_END = (USTACK_START + USTACK_SIZE)
 *(USTACK)
 *(USTACK.*)
                0x00009e84                . = USTACK_END
 *fill*         0x00009c84      0x400 00
                0x00009e84                ISTACK_START = .
                0x00009f84                ISTACK_END = (ISTACK_START + ISTACK_SIZE)
 *(ISTACK)
 *(ISTACK.*)
                0x00009f84                . = ISTACK_END
 *fill*         0x00009e84      0x200 00
                0x00009c84                ALIGNED_DATA_END = STACK_START
                0x00009950                . = (((ALIGNED_DATA_END - RADIODATA_SIZE) - WHITELIST_SIZE) - RADIOBUFS_SIZE)

.aligned_data   0x00009950      0x334
                0x00009950                ALIGNED_DATA_START = .
                0x00009950                DATA_RADIOBUFS_START = .
 *(RADINITTBL)
                0x00009b00                . = (ALIGNED_DATA_START + RADIOBUFS_SIZE)
 *fill*         0x00009950      0x360 00
                0x00009b00                DATA_WHITELIST_START = .
                0x00009b20                . = (DATA_WHITELIST_START + WHITELIST_SIZE)
 *fill*         0x00009b00       0x40 00
 *(.romradiodata)
 .romradiodata  0x00009b20      0x164 C:\CSR_uEnergy_SDK-2.3.0.31\tools\lib\CSR101x_A05\libgatt_lib_ram.a(.romradiodata.o)
                0x00009b20                DATA_TIMERSTRUCT_START
                0x00009b80                ___libgatt_lib_db_4171
                0x00009b20                ___libgatt_lib_db_4173
                0x00009b80                DATA_RCLUTS_START
                0x00009c84                ALIGN_END_ACTUAL = .
                0x00000001                ASSERT ((DATA_APPDATA_END > DATA_DATA_END), RAM DATA exceeds limit.)
LOAD c:/csr_uenergy_sdk-2.3.0.31/tools/bin/../lib/gcc/xap-local-xap/4.3.4\libgcc.a
OUTPUT(depend_Debug_CSR101x_A05\MultiMotorDriver.elf elf32-xap2)

.debug_abbrev   0x00000000       0xe5
 .debug_abbrev  0x00000000       0xe5 depend_Debug_CSR101x_A05\main.o

.debug_info     0x00000000     0x148e
 .debug_info    0x00000000     0x148e depend_Debug_CSR101x_A05\main.o

.debug_line     0x00000000      0x17b
 .debug_line    0x00000000      0x17b depend_Debug_CSR101x_A05\main.o

.debug_frame    0x00000000       0x58
 .debug_frame   0x00000000       0x58 depend_Debug_CSR101x_A05\main.o

.debug_loc      0x00000000       0x5d
 .debug_loc     0x00000000       0x5d depend_Debug_CSR101x_A05\main.o

.debug_pubnames
                0x00000000       0x31
 .debug_pubnames
                0x00000000       0x31 depend_Debug_CSR101x_A05\main.o

.debug_aranges  0x00000000       0x28
 .debug_aranges
                0x00000000       0x28 depend_Debug_CSR101x_A05\main.o

.debug_ranges   0x00000000       0x24
 .debug_ranges  0x00000000       0x24 depend_Debug_CSR101x_A05\main.o

.debug_str      0x00000000     0x1e1e
 .debug_str     0x00000000     0x1e1e depend_Debug_CSR101x_A05\main.o
                               0x1e81 (size before relaxing)

.comment        0x00000000      0x28a
 .comment       0x00000000       0x1a depend_Debug_CSR101x_A05\main.o
 .comment       0x0000001a       0x1a C:\CSR_uEnergy_SDK-2.3.0.31\tools\lib\CSR101x_A05\libgatt_lib_ram.a(debug.o)
 .comment       0x00000034       0x1a C:\CSR_uEnergy_SDK-2.3.0.31\tools\lib\CSR101x_A05\libgatt_lib_ram.a(main_ram.o)
 .comment       0x0000004e       0x1a C:\CSR_uEnergy_SDK-2.3.0.31\tools\lib\CSR101x_A05\libgatt_lib_ram.a(hw_patch_install.o)
 .comment       0x00000068       0x1a C:\CSR_uEnergy_SDK-2.3.0.31\tools\lib\CSR101x_A05\libgatt_lib_ram.a(robs_pio_ram.o)
 .comment       0x00000082       0x1a C:\CSR_uEnergy_SDK-2.3.0.31\tools\lib\CSR101x_A05\libgatt_lib_ram.a(id_ram.o)
 .comment       0x0000009c       0x1a C:\CSR_uEnergy_SDK-2.3.0.31\tools\lib\CSR101x_A05\libgatt_lib_ram.a(slut.o)
 .comment       0x000000b6       0x1a C:\CSR_uEnergy_SDK-2.3.0.31\tools\lib\CSR101x_A05\libgatt_lib_ram.a(sw_patch_ram.o)
 .comment       0x000000d0       0x1a C:\CSR_uEnergy_SDK-2.3.0.31\tools\lib\CSR101x_A05\libgatt_lib_ram.a(patch_ls_l2cap_if.o)
 .comment       0x000000ea       0x1a C:\CSR_uEnergy_SDK-2.3.0.31\tools\lib\CSR101x_A05\libgatt_lib_ram.a(patch_att_install.o)
 .comment       0x00000104       0x1a C:\CSR_uEnergy_SDK-2.3.0.31\tools\lib\CSR101x_A05\libgatt_lib_ram.a(patch_sm.o)
 .comment       0x0000011e       0x1a C:\CSR_uEnergy_SDK-2.3.0.31\tools\lib\CSR101x_A05\libgatt_lib_ram.a(patch_george.o)
 .comment       0x00000138       0x1a C:\CSR_uEnergy_SDK-2.3.0.31\tools\lib\CSR101x_A05\libgatt_lib_ram.a(patch_george_ll.o)
 .comment       0x00000152       0x1a C:\CSR_uEnergy_SDK-2.3.0.31\tools\lib\CSR101x_A05\libgatt_lib_ram.a(patch_george_adv.o)
 .comment       0x0000016c       0x1a C:\CSR_uEnergy_SDK-2.3.0.31\tools\lib\CSR101x_A05\libgatt_lib_ram.a(patch_dbase.o)
 .comment       0x00000186       0x1a C:\CSR_uEnergy_SDK-2.3.0.31\tools\lib\CSR101x_A05\libgatt_lib_ram.a(hal_debugbus_state.o)
 .comment       0x000001a0       0x1a C:\CSR_uEnergy_SDK-2.3.0.31\tools\lib\CSR101x_A05\libgatt_lib_ram.a(patch_halradiotrim.o)
 .comment       0x000001ba       0x1a C:\CSR_uEnergy_SDK-2.3.0.31\tools\lib\CSR101x_A05\libgatt_lib_ram.a(patch_halradio.o)
 .comment       0x000001d4       0x1a C:\CSR_uEnergy_SDK-2.3.0.31\tools\lib\CSR101x_A05\libgatt_lib_ram.a(patch_timer.o)
 .comment       0x000001ee       0x1a C:\CSR_uEnergy_SDK-2.3.0.31\tools\lib\CSR101x_A05\libgatt_lib_ram.a(patch_reset.o)
 .comment       0x00000208       0x1a C:\CSR_uEnergy_SDK-2.3.0.31\tools\lib\CSR101x_A05\libgatt_lib_ram.a(patch_pools.o)
 .comment       0x00000222       0x1a C:\CSR_uEnergy_SDK-2.3.0.31\tools\lib\CSR101x_A05\libgatt_lib_ram.a(patch_background_loop.o)
 .comment       0x0000023c       0x1a C:\CSR_uEnergy_SDK-2.3.0.31\tools\lib\CSR101x_A05\libgatt_lib_ram.a(patch_fault.o)
 .comment       0x00000256       0x1a C:\CSR_uEnergy_SDK-2.3.0.31\tools\lib\CSR101x_A05\libgatt_lib_ram.a(patch_pmu.o)
 .comment       0x00000270       0x1a C:\CSR_uEnergy_SDK-2.3.0.31\tools\lib\CSR101x_A05\libgatt_lib_ram.a(patch_thermometer.o)
